../Src/LCD_prog.c:39:6:HLCD_voidInit	16	static
../Src/LCD_prog.c:146:6:HLCD_voidSendData	24	static
../Src/LCD_prog.c:236:6:HLCD_voidDispStr	24	static
../Src/LCD_prog.c:250:6:HLCD_voidDispIntNum	32	static
../Src/LCD_prog.c:274:6:HLCD_voidDispFloatNum	32	static
../Src/LCD_prog.c:292:6:Lcd_SetCursorPosition	24	static
../Src/LCD_prog.c:298:6:Lcd_DisplayNumber	80	static
../Src/LCD_prog.c:319:6:HLCD_voidMovCursor	24	static
../Src/LCD_prog.c:352:6:HLCD_voidClrScreen	8	static
../Src/LCD_prog.c:358:6:HLCD_voidShiftDisplayRight	8	static
../Src/LCD_prog.c:364:6:HLCD_voidShiftDisplayLeft	8	static
../Src/LCD_prog.c:370:6:HLCD_voidDispSpecialChar	24	static
